// Jest Snapshot v1, https://goo.gl/fbAQLP

exports[`Petstore generation tests Can generate OpenAPI using petstore 1`] = `
[MockFunction] {
  "calls": [
    [
      "Checking whether the required NPM packages are installed...
",
    ],
    [
      "  [92mâœ”[39m esbuild
",
    ],
    [
      "  [92mâœ”[39m @openapitools/openapi-generator-cli
",
    ],
    [
      "  [92mâœ”[39m typescript
",
    ],
    [
      "  [92mâœ”[39m corepack
",
    ],
    [
      "
Starting...
",
    ],
    [
      "Checking whether the required NPM packages are installed...
",
    ],
    [
      "  [92mâœ”[39m esbuild
",
    ],
    [
      "  [92mâœ”[39m @openapitools/openapi-generator-cli
",
    ],
    [
      "  [92mâœ”[39m typescript
",
    ],
    [
      "  [92mâœ”[39m corepack
",
    ],
    [
      "
Starting...
",
    ],
    [
      "  [92mâœ”[39m OpenAPI Specification validated
",
    ],
    [
      "
Extracting JSON Schemas...
",
    ],
    [
      "  [92mâœ”[39m /nas/projects/harness/tests/.builds.sample-generation/schemas/order.json
",
    ],
    [
      "  [92mâœ”[39m /nas/projects/harness/tests/.builds.sample-generation/schemas/category.json
",
    ],
    [
      "  [92mâœ”[39m /nas/projects/harness/tests/.builds.sample-generation/schemas/user.json
",
    ],
    [
      "  [92mâœ”[39m /nas/projects/harness/tests/.builds.sample-generation/schemas/tag.json
",
    ],
    [
      "  [92mâœ”[39m /nas/projects/harness/tests/.builds.sample-generation/schemas/pet.json
",
    ],
    [
      "  [92mâœ”[39m /nas/projects/harness/tests/.builds.sample-generation/schemas/apiResponse.json
",
    ],
    [
      "
Generating Typescript models...
",
    ],
    [
      "  - OpenAPI Generator CLI - (Typescript Axios)",
    ],
    [
      "  [92mâœ”[39m Models generated successfully using - openapi-generator-cli
",
    ],
    [
      "  - Ensuring camel case naming convention",
    ],
    [
      "  - Updating imports & Saving",
    ],
    [
      "  [92mâœ”[39m /nas/projects/harness/tests/.builds.sample-generation/models/apiResponse.ts
",
    ],
    [
      "  [92mâœ”[39m /nas/projects/harness/tests/.builds.sample-generation/models/category.ts
",
    ],
    [
      "  [92mâœ”[39m /nas/projects/harness/tests/.builds.sample-generation/models/index.ts
",
    ],
    [
      "  [92mâœ”[39m /nas/projects/harness/tests/.builds.sample-generation/models/order.ts
",
    ],
    [
      "  [92mâœ”[39m /nas/projects/harness/tests/.builds.sample-generation/models/pet.ts
",
    ],
    [
      "  [92mâœ”[39m /nas/projects/harness/tests/.builds.sample-generation/models/tag.ts
",
    ],
    [
      "  [92mâœ”[39m /nas/projects/harness/tests/.builds.sample-generation/models/user.ts
",
    ],
    [
      "
Generating AJV Standalone validators (with better-ajv-errors)...
",
    ],
    [
      "  [92mâœ”[39m apiResponse - Generated... ",
    ],
    [
      "  [92mâœ”[39m /nas/projects/harness/tests/.builds.sample-generation/validators/apiResponse.ts
",
    ],
    [
      "  [92mâœ”[39m category - Generated... ",
    ],
    [
      "  [92mâœ”[39m /nas/projects/harness/tests/.builds.sample-generation/validators/category.ts
",
    ],
    [
      "  [92mâœ”[39m order - Generated... ",
    ],
    [
      "  [92mâœ”[39m /nas/projects/harness/tests/.builds.sample-generation/validators/order.ts
",
    ],
    [
      "  [92mâœ”[39m pet - Generated... ",
    ],
    [
      "  [92mâœ”[39m /nas/projects/harness/tests/.builds.sample-generation/validators/pet.ts
",
    ],
    [
      "  [92mâœ”[39m tag - Generated... ",
    ],
    [
      "  [92mâœ”[39m /nas/projects/harness/tests/.builds.sample-generation/validators/tag.ts
",
    ],
    [
      "  [92mâœ”[39m user - Generated... ",
    ],
    [
      "  [92mâœ”[39m /nas/projects/harness/tests/.builds.sample-generation/validators/user.ts
",
    ],
    [
      "
Compiling the final bundle...
",
    ],
    [
      "  [92mâœ”[39m Prepared the typescript interfaces
",
    ],
    [
      "  [92mâœ”[39m Mapped types for apiResponse
",
    ],
    [
      "  [92mâœ”[39m Mapped types for category
",
    ],
    [
      "  [92mâœ”[39m Mapped types for order
",
    ],
    [
      "  [92mâœ”[39m Mapped types for pet
",
    ],
    [
      "  [92mâœ”[39m Mapped types for tag
",
    ],
    [
      "  [92mâœ”[39m Mapped types for user
",
    ],
    [
      "Generating typescript declarion files before final bundling...",
    ],
    [
      "  [92mâœ”[39m Validated & generated declaration files using tsc
",
    ],
    [
      "Bundling & minifying... (esbuild / commonjs)",
    ],
    [
      "  [92mâœ”[39m Bundled and minified (esbuild)
",
    ],
  ],
  "results": [
    {
      "type": "return",
      "value": undefined,
    },
    {
      "type": "return",
      "value": undefined,
    },
    {
      "type": "return",
      "value": undefined,
    },
    {
      "type": "return",
      "value": undefined,
    },
    {
      "type": "return",
      "value": undefined,
    },
    {
      "type": "return",
      "value": undefined,
    },
    {
      "type": "return",
      "value": undefined,
    },
    {
      "type": "return",
      "value": undefined,
    },
    {
      "type": "return",
      "value": undefined,
    },
    {
      "type": "return",
      "value": undefined,
    },
    {
      "type": "return",
      "value": undefined,
    },
    {
      "type": "return",
      "value": undefined,
    },
    {
      "type": "return",
      "value": undefined,
    },
    {
      "type": "return",
      "value": undefined,
    },
    {
      "type": "return",
      "value": undefined,
    },
    {
      "type": "return",
      "value": undefined,
    },
    {
      "type": "return",
      "value": undefined,
    },
    {
      "type": "return",
      "value": undefined,
    },
    {
      "type": "return",
      "value": undefined,
    },
    {
      "type": "return",
      "value": undefined,
    },
    {
      "type": "return",
      "value": undefined,
    },
    {
      "type": "return",
      "value": undefined,
    },
    {
      "type": "return",
      "value": undefined,
    },
    {
      "type": "return",
      "value": undefined,
    },
    {
      "type": "return",
      "value": undefined,
    },
    {
      "type": "return",
      "value": undefined,
    },
    {
      "type": "return",
      "value": undefined,
    },
    {
      "type": "return",
      "value": undefined,
    },
    {
      "type": "return",
      "value": undefined,
    },
    {
      "type": "return",
      "value": undefined,
    },
    {
      "type": "return",
      "value": undefined,
    },
    {
      "type": "return",
      "value": undefined,
    },
    {
      "type": "return",
      "value": undefined,
    },
    {
      "type": "return",
      "value": undefined,
    },
    {
      "type": "return",
      "value": undefined,
    },
    {
      "type": "return",
      "value": undefined,
    },
    {
      "type": "return",
      "value": undefined,
    },
    {
      "type": "return",
      "value": undefined,
    },
    {
      "type": "return",
      "value": undefined,
    },
    {
      "type": "return",
      "value": undefined,
    },
    {
      "type": "return",
      "value": undefined,
    },
    {
      "type": "return",
      "value": undefined,
    },
    {
      "type": "return",
      "value": undefined,
    },
    {
      "type": "return",
      "value": undefined,
    },
    {
      "type": "return",
      "value": undefined,
    },
    {
      "type": "return",
      "value": undefined,
    },
    {
      "type": "return",
      "value": undefined,
    },
    {
      "type": "return",
      "value": undefined,
    },
    {
      "type": "return",
      "value": undefined,
    },
    {
      "type": "return",
      "value": undefined,
    },
    {
      "type": "return",
      "value": undefined,
    },
    {
      "type": "return",
      "value": undefined,
    },
    {
      "type": "return",
      "value": undefined,
    },
    {
      "type": "return",
      "value": undefined,
    },
    {
      "type": "return",
      "value": undefined,
    },
    {
      "type": "return",
      "value": undefined,
    },
    {
      "type": "return",
      "value": undefined,
    },
  ],
}
`;
